2026-02-25T09:57:08.179+02:00  INFO 2684 --- [main] e.mihkel.veebipood.VeebipoodApplication  : Starting VeebipoodApplication using Java 24.0.1 with PID 2684 (C:\Users\Admin\koolitused\back-end-01-2026\veebipood\target\classes started by Admin in C:\Users\Admin\koolitused\back-end-01-2026\veebipood)
2026-02-25T09:57:08.188+02:00  INFO 2684 --- [main] e.mihkel.veebipood.VeebipoodApplication  : The following 1 profile is active: "dev"
2026-02-25T09:57:10.232+02:00  INFO 2684 --- [main] .s.d.r.c.RepositoryConfigurationDelegate : Bootstrapping Spring Data JPA repositories in DEFAULT mode.
2026-02-25T09:57:10.315+02:00  INFO 2684 --- [main] .s.d.r.c.RepositoryConfigurationDelegate : Finished Spring Data repository scanning in 71 ms. Found 4 JPA repository interfaces.
2026-02-25T09:57:10.993+02:00  INFO 2684 --- [main] o.s.boot.tomcat.TomcatWebServer          : Tomcat initialized with port 8080 (http)
2026-02-25T09:57:11.022+02:00  INFO 2684 --- [main] o.apache.catalina.core.StandardService   : Starting service [Tomcat]
2026-02-25T09:57:11.023+02:00  INFO 2684 --- [main] o.apache.catalina.core.StandardEngine    : Starting Servlet engine: [Apache Tomcat/11.0.15]
2026-02-25T09:57:11.090+02:00  INFO 2684 --- [main] b.w.c.s.WebApplicationContextInitializer : Root WebApplicationContext: initialization completed in 2828 ms
2026-02-25T09:57:11.251+02:00  INFO 2684 --- [main] org.hibernate.orm.jpa                    : HHH008540: Processing PersistenceUnitInfo [name: default]
2026-02-25T09:57:11.357+02:00  INFO 2684 --- [main] org.hibernate.orm.core                   : HHH000001: Hibernate ORM core version 7.2.0.Final
2026-02-25T09:57:12.039+02:00  INFO 2684 --- [main] o.s.o.j.p.SpringPersistenceUnitInfo      : No LoadTimeWeaver setup: ignoring JPA class transformer
2026-02-25T09:57:12.092+02:00  INFO 2684 --- [main] com.zaxxer.hikari.HikariDataSource       : HikariPool-1 - Starting...
2026-02-25T09:57:12.444+02:00  INFO 2684 --- [main] com.zaxxer.hikari.pool.HikariPool        : HikariPool-1 - Added connection org.postgresql.jdbc.PgConnection@5d68be4f
2026-02-25T09:57:12.447+02:00  INFO 2684 --- [main] com.zaxxer.hikari.HikariDataSource       : HikariPool-1 - Start completed.
2026-02-25T09:57:12.619+02:00  INFO 2684 --- [main] org.hibernate.orm.connections.pooling    : HHH10001005: Database info:
	Database JDBC URL [jdbc:postgresql://localhost:5432/shop]
	Database driver: PostgreSQL JDBC Driver
	Database dialect: PostgreSQLDialect
	Database version: 16.2
	Default catalog/schema: shop/public
	Autocommit mode: undefined/unknown
	Isolation level: READ_COMMITTED [default READ_COMMITTED]
	JDBC fetch size: none
	Pool: DataSourceConnectionProvider
	Minimum pool size: undefined/unknown
	Maximum pool size: undefined/unknown
2026-02-25T09:57:14.315+02:00  INFO 2684 --- [main] org.hibernate.orm.core                   : HHH000489: No JTA platform available (set 'hibernate.transaction.jta.platform' to enable JTA platform integration)
2026-02-25T09:57:14.539+02:00  INFO 2684 --- [main] j.LocalContainerEntityManagerFactoryBean : Initialized JPA EntityManagerFactory for persistence unit 'default'
2026-02-25T09:57:14.653+02:00  INFO 2684 --- [main] o.s.d.j.r.query.QueryEnhancerFactories   : Hibernate is in classpath; If applicable, HQL parser will be used.
2026-02-25T09:57:15.333+02:00  WARN 2684 --- [main] JpaBaseConfiguration$JpaWebConfiguration : spring.jpa.open-in-view is enabled by default. Therefore, database queries may be performed during view rendering. Explicitly configure spring.jpa.open-in-view to disable this warning
2026-02-25T09:57:15.471+02:00  WARN 2684 --- [main] .s.a.UserDetailsServiceAutoConfiguration : 

Using generated security password: ac685774-7ae3-4079-8e00-f5ca284d94e4

This generated password is for development use only. Your security configuration must be updated before running your application in production.

2026-02-25T09:57:15.486+02:00  INFO 2684 --- [main] r$InitializeUserDetailsManagerConfigurer : Global AuthenticationManager configured with UserDetailsService bean with name inMemoryUserDetailsManager
2026-02-25T09:57:15.879+02:00  INFO 2684 --- [main] o.s.v.b.OptionalValidatorFactoryBean     : Failed to set up a Bean Validation provider: jakarta.validation.NoProviderFoundException: Unable to create a Configuration, because no Jakarta Validation provider could be found. Add a provider like Hibernate Validator (RI) to your classpath.
2026-02-25T09:57:16.477+02:00  INFO 2684 --- [main] o.s.m.s.b.SimpleBrokerMessageHandler     : Starting...
2026-02-25T09:57:16.477+02:00  INFO 2684 --- [main] o.s.m.s.b.SimpleBrokerMessageHandler     : BrokerAvailabilityEvent[available=true, SimpleBrokerMessageHandler [org.springframework.messaging.simp.broker.DefaultSubscriptionRegistry@39384ba6]]
2026-02-25T09:57:16.479+02:00  INFO 2684 --- [main] o.s.m.s.b.SimpleBrokerMessageHandler     : Started.
2026-02-25T09:57:16.501+02:00  INFO 2684 --- [main] o.s.boot.tomcat.TomcatWebServer          : Tomcat started on port 8080 (http) with context path '/'
2026-02-25T09:57:16.508+02:00  INFO 2684 --- [main] e.mihkel.veebipood.VeebipoodApplication  : Started VeebipoodApplication in 8.94 seconds (process running for 12.165)
2026-02-25T09:58:16.465+02:00  INFO 2684 --- [MessageBroker-1] o.s.w.s.c.WebSocketMessageBrokerStats    : WebSocketSession[0 current WS(0)-HttpStream(0)-HttpPoll(0), 0 total, 0 closed abnormally (0 connect failure, 0 send limit, 0 transport error)], stompSubProtocol[processed CONNECT(0)-CONNECTED(0)-DISCONNECT(0)], stompBrokerRelay[null], inboundChannel[pool size = 0, active threads = 0, queued tasks = 0, completed tasks = 0], outboundChannel[pool size = 0, active threads = 0, queued tasks = 0, completed tasks = 0], sockJsScheduler[pool size = 1, active threads = 1, queued tasks = 0, completed tasks = 0]
